I'm sorry, but errors were detected in your script. Please correct the
errors listed below, and try again.


File "game/script.rpy", line 5624: could not parse statement.
    play music "menu.ogg" with fadein 1.0
                          ^

Ren'Py Version: Ren'Py 7.3.5.606
Wed Feb 16 03:44:48 2022
